user@K22:~$ sudo systemctl status mysql
[sudo] пароль для user: 
● mysql.service - MySQL Community Server
     Loaded: loaded (/lib/systemd/system/mysql.service; enabled; vendor preset:>
     Active: active (running) since Fri 2024-03-08 09:42:22 MSK; 6min ago
       Docs: man:mysqld(8)
             http://dev.mysql.com/doc/refman/en/using-systemd.html
    Process: 624 ExecStartPre=/usr/share/mysql-8.3/mysql-systemd-start pre (cod>
   Main PID: 669 (mysqld)
     Status: "Server is operational"
      Tasks: 37 (limit: 4645)
     Memory: 446.5M
        CPU: 5.585s
     CGroup: /system.slice/mysql.service
             └─669 /usr/sbin/mysqld

мар 08 12:41:55 K22 systemd[1]: Starting MySQL Community Server...
мар 08 09:42:22 K22 systemd[1]: Started MySQL Community Server.

user@K22:~$ mysql -u -p
ERROR 1045 (28000): Access denied for user '-p'@'localhost' (using password: NO)
user@K22:~$ mysql -u 
mysql: [ERROR] mysql: option '-u' requires an argument.
user@K22:~$ mysql
ERROR 1045 (28000): Access denied for user 'user'@'localhost' (using password: NO)
user@K22:~$ mysql -u -p
ERROR 1045 (28000): Access denied for user '-p'@'localhost' (using password: NO)
user@K22:~$ mysql -u root -p
Enter password: 
Welcome to the MySQL monitor.  Commands end with ; or \g.
Your MySQL connection id is 11
Server version: 8.3.0 MySQL Community Server - GPL

Copyright (c) 2000, 2024, Oracle and/or its affiliates.

Oracle is a registered trademark of Oracle Corporation and/or its
affiliates. Other names may be trademarks of their respective
owners.

Type 'help;' or '\h' for help. Type '\c' to clear the current input statement.

mysql> CREATE USER 'sys_temp'@'localhost' IDENTIFIED BY '12345';
Query OK, 0 rows affected (0,05 sec)

mysql> GRANT ALL PRIVILEGES ON *.* TO 'sys_temp'@'localhost' IDENTIFIED BY '12345' WITH GRANT OPTION;
ERROR 1064 (42000): You have an error in your SQL syntax; check the manual that corresponds to your MySQL server version for the right syntax to use near 'IDENTIFIED BY '12345' WITH GRANT OPTION' at line 1
mysql> GRANT ALL PRIVILEGES ON *.* TO 'sys_temp'@'localhost' IDENTIFIED BY '12345' WITH GRANT OPTION;
ERROR 1064 (42000): You have an error in your SQL syntax; check the manual that corresponds to your MySQL server version for the right syntax to use near 'IDENTIFIED BY '12345' WITH GRANT OPTION' at line 1
mysql> GRANT ALL PRIVILEGES ON *.* TO 'sys_temp'@'localhost' IDENTIFIED BY '12345' WITH GRANT OPTION;
ERROR 1064 (42000): You have an error in your SQL syntax; check the manual that corresponds to your MySQL server version for the right syntax to use near 'IDENTIFIED BY '12345' WITH GRANT OPTION' at line 1
mysql> GRANT ALL PRIVILEGES ON *.* TO 'sys_temp'@'localhost' IDENTIFIED BY '12345' WITH GRANT OPTION;
ERROR 1064 (42000): You have an error in your SQL syntax; check the manual that corresponds to your MySQL server version for the right syntax to use near 'IDENTIFIED BY '12345' WITH GRANT OPTION' at line 1
mysql> ERROR 1064 (42000): You have an error in your SQL syntax; check the manual that corresponds to your MySQL server version for the right syntax to use near 'IDENTIFIED BY '12345' WITH GRANT OPTION' at line 1
ERROR 1064 (42000): You have an error in your SQL syntax; check the manual that corresponds to your MySQL server version for the right syntax to use near 'ERROR 1064 (42000): You have an error in your SQL syntax' at line 1
    -> 
    -> 
    -> 
    -> exit
    -> ^C
mysql> ^C
mysql> clear
mysql> 
mysql> 
mysql> 
mysql> 
mysql> 
mysql> 
mysql> 
mysql> 
mysql> 
mysql> 
mysql> 
mysql> 
mysql> 
mysql> 
mysql> 
mysql> 
mysql> 
mysql> 
mysql> 
mysql> 
mysql> 
mysql> 
mysql> 
mysql> 
mysql> GRANT ALL PRIVILEGES ON *.* TO 'sys_temp'@'localhost' WITH GRANT OPTION; FLUSH PRIVILEGES;
Query OK, 0 rows affected (0,01 sec)

Query OK, 0 rows affected (0,01 sec)

mysql> SELECT user, host FROM mysql.user;
+------------------+-----------+
| user             | host      |
+------------------+-----------+
| mysql.infoschema | localhost |
| mysql.session    | localhost |
| mysql.sys        | localhost |
| root             | localhost |
| sys_temp         | localhost |
+------------------+-----------+
5 rows in set (0,00 sec)

mysql> SHOW GRANTS FOR 'sys_temp';
ERROR 1141 (42000): There is no such grant defined for user 'sys_temp' on host '%'
mysql> SHOW GRANTS FOR 'sys_temp'@'localhost';
+-----------------------------------------------------------------------------------------------------------------------------------------------------------------------------------------------------------------------------------------------------------------------------------------------------------------------------------------------------------------------------------------------------------------------------------------------------------------------------------------------------------------------------------------------------------------------------------------------------------------------------------------------------------------------------------------------------------------------------------------------------------------------------------------------------------------------------------------------------+
| Grants for sys_temp@localhost                                                                                                                                                                                                                                                                                                                                                                                                                                                                                                                                                                                                                                                                                                                                                                                                                       |
+-----------------------------------------------------------------------------------------------------------------------------------------------------------------------------------------------------------------------------------------------------------------------------------------------------------------------------------------------------------------------------------------------------------------------------------------------------------------------------------------------------------------------------------------------------------------------------------------------------------------------------------------------------------------------------------------------------------------------------------------------------------------------------------------------------------------------------------------------------+
| GRANT SELECT, INSERT, UPDATE, DELETE, CREATE, DROP, RELOAD, SHUTDOWN, PROCESS, FILE, REFERENCES, INDEX, ALTER, SHOW DATABASES, SUPER, CREATE TEMPORARY TABLES, LOCK TABLES, EXECUTE, REPLICATION SLAVE, REPLICATION CLIENT, CREATE VIEW, SHOW VIEW, CREATE ROUTINE, ALTER ROUTINE, CREATE USER, EVENT, TRIGGER, CREATE TABLESPACE, CREATE ROLE, DROP ROLE ON *.* TO `sys_temp`@`localhost` WITH GRANT OPTION                                                                                                                                                                                                                                                                                                                                                                                                                                        |
| GRANT ALLOW_NONEXISTENT_DEFINER,APPLICATION_PASSWORD_ADMIN,AUDIT_ABORT_EXEMPT,AUDIT_ADMIN,AUTHENTICATION_POLICY_ADMIN,BACKUP_ADMIN,BINLOG_ADMIN,BINLOG_ENCRYPTION_ADMIN,CLONE_ADMIN,CONNECTION_ADMIN,ENCRYPTION_KEY_ADMIN,FIREWALL_EXEMPT,FLUSH_OPTIMIZER_COSTS,FLUSH_STATUS,FLUSH_TABLES,FLUSH_USER_RESOURCES,GROUP_REPLICATION_ADMIN,GROUP_REPLICATION_STREAM,INNODB_REDO_LOG_ARCHIVE,INNODB_REDO_LOG_ENABLE,PASSWORDLESS_USER_ADMIN,PERSIST_RO_VARIABLES_ADMIN,REPLICATION_APPLIER,REPLICATION_SLAVE_ADMIN,RESOURCE_GROUP_ADMIN,RESOURCE_GROUP_USER,ROLE_ADMIN,SENSITIVE_VARIABLES_OBSERVER,SERVICE_CONNECTION_ADMIN,SESSION_VARIABLES_ADMIN,SET_ANY_DEFINER,SHOW_ROUTINE,SYSTEM_USER,SYSTEM_VARIABLES_ADMIN,TABLE_ENCRYPTION_ADMIN,TELEMETRY_LOG_ADMIN,TRANSACTION_GTID_TAG,XA_RECOVER_ADMIN ON *.* TO `sys_temp`@`localhost` WITH GRANT OPTION |
+-----------------------------------------------------------------------------------------------------------------------------------------------------------------------------------------------------------------------------------------------------------------------------------------------------------------------------------------------------------------------------------------------------------------------------------------------------------------------------------------------------------------------------------------------------------------------------------------------------------------------------------------------------------------------------------------------------------------------------------------------------------------------------------------------------------------------------------------------------+
2 rows in set (0,00 sec)

mysql> exit
Bye
user@K22:~$ mysql -u sys_temp -p
Enter password: 
Welcome to the MySQL monitor.  Commands end with ; or \g.
Your MySQL connection id is 12
Server version: 8.3.0 MySQL Community Server - GPL

Copyright (c) 2000, 2024, Oracle and/or its affiliates.

Oracle is a registered trademark of Oracle Corporation and/or its
affiliates. Other names may be trademarks of their respective
owners.

Type 'help;' or '\h' for help. Type '\c' to clear the current input statement.

mysql> ALTER USER 'sys_temp'@'localhost' IDENTIFIED WITH mysql_native_password BY '12345';
Query OK, 0 rows affected (0,01 sec)

mysql> mysql -u sys_temp -p -e "CREATE DATABASE mydatabase;"
    -> ^C
mysql> SHOW DATABASES;
+--------------------+
| Database           |
+--------------------+
| information_schema |
| mysql              |
| performance_schema |
| sys                |
+--------------------+
4 rows in set (0,02 sec)

mysql> mysql -u sys_temp -p -e "CREATE DATABASE mydatabase";
ERROR 1064 (42000): You have an error in your SQL syntax; check the manual that corresponds to your MySQL server version for the right syntax to use near 'mysql -u sys_temp -p -e "CREATE DATABASE mydatabase"' at line 1
mysql> mysql -u sys_temp -p -e "CREATE DATABASE mydatabase;"
    -> 
    -> 
    -> ^C
mysql> SHOW DATABASES;
+--------------------+
| Database           |
+--------------------+
| information_schema |
| mysql              |
| performance_schema |
| sys                |
+--------------------+
4 rows in set (0,00 sec)

mysql> CREATE DATABASE mydatabase;
Query OK, 1 row affected (0,00 sec)

mysql> SHOW DATABASES;
+--------------------+
| Database           |
+--------------------+
| information_schema |
| mydatabase         |
| mysql              |
| performance_schema |
| sys                |
+--------------------+
5 rows in set (0,00 sec)

mysql> GRANT ALL PRIVILEGES ON mydatabase.* TO 'sys_temp' WITH GRANT OPTION;
ERROR 1410 (42000): You are not allowed to create a user with GRANT

user@K22:~/Загрузки/sakila-db$ mysql -u sys_temp -p mydatabase < sakila-schema.sql
Enter password: 
user@K22:~/Загрузки/sakila-db$ mysql -u sys_temp -p mydatabase < sakila-data.sql
Enter password: 
user@K22:~/Загрузки/sakila-db$ 

mysql> SHOW DATABASES;
+--------------------+
| Database           |
+--------------------+
| information_schema |
| mydatabase         |
| mysql              |
| performance_schema |
| sakila             |
| sys                |
+--------------------+
6 rows in set (0,01 sec)

mysql> SHOW TABLES;
ERROR 1046 (3D000): No database selected
mysql> USE sakila;
Reading table information for completion of table and column names
You can turn off this feature to get a quicker startup with -A

Database changed
mysql> SHOW TABLES;
+----------------------------+
| Tables_in_sakila           |
+----------------------------+
| actor                      |
| actor_info                 |
| address                    |
| category                   |
| city                       |
| country                    |
| customer                   |
| customer_list              |
| film                       |
| film_actor                 |
| film_category              |
| film_list                  |
| film_text                  |
| inventory                  |
| language                   |
| nicer_but_slower_film_list |
| payment                    |
| rental                     |
| sales_by_film_category     |
| sales_by_store             |
| staff                      |
| staff_list                 |
| store                      |
+----------------------------+
23 rows in set (0,01 sec)
